/home/gmonitor/install.sh
/home/gmonitor/dompiweb.config
/home/gmonitor/create.sql
/home/gmonitor/init.sql
/home/gmonitor/funcion.tab
/home/gmonitor/funcion_parametro.tab
/home/gmonitor/server.tab
/home/gmonitor/server_parametro.tab

/home/gmonitor/html
/home/gmonitor/cgi

/usr/local/sbin/gmd
/usr/local/sbin/gmt
/usr/local/sbin/gmq
/usr/local/sbin/gm_default
/usr/local/sbin/gm_config
/usr/local/sbin/gm_sbuffer
/usr/local/sbin/gm_squeue
/usr/local/sbin/gm_timer
/usr/local/sbin/gm_transac

/usr/local/sbin/gmond
/etc/systemd/system/gmonitor.service
/usr/local/sbin/gmon_config
/usr/local/sbin/gmon_start
/usr/local/sbin/gmon_status
/usr/local/sbin/gmon_stop

/usr/local/bin/gm_loglevel
/usr/local/bin/gm_safcfg
/usr/local/bin/gm_viewcfg

/usr/lib/libgmc.so
/usr/lib/libgmq.so
/usr/lib/libgmqw.so
/usr/lib/libgmshared.so

/usr/local/bin/domcli
/usr/local/sbin/dompi_abm
/usr/local/sbin/dompi_server
/usr/local/sbin/dompi_netcomm
/usr/local/sbin/dompi_cloud
/usr/local/sbin/dompi_gsm
/usr/local/sbin/dompi_gpio
/usr/local/sbin/dompi_command
/usr/local/sbin/check_for_updates.sh

/etc/gmonitor/gmonitor
/etc/xinetd.d/gmonitor
/etc/cron.daily/clean-gmonitor-logs
/usr/local/sbin/clean-gmonitor-old-logs.sh
/etc/cron.monthly/make-db-backup.sh
/etc/cron.monthly/restart-60-seg.sh
/usr/local/sbin/make-dompidb-backup.sh
/usr/local/sbin/drop_ipc.sh
/usr/local/bin/make_dump.sh
/usr/local/bin/make_dump.sql
